<?xml version="1.0" encoding="utf-8"?><testsuites><testsuite name="pytest" errors="0" failures="0" skipped="0" tests="23" time="2.270" timestamp="2025-11-02T21:15:17.164412+05:30" hostname="DESKTOP-9SULCV4"><testcase classname="tests.test_model_integration" name="test_tc_m01_happy_path_schema" time="2.102" /><testcase classname="tests.test_model_variations" name="test_adverse_phrase_triggers_urgent" time="0.006" /><testcase classname="tests.test_model_variations" name="test_exertional_chest_symptoms_elevate_risk" time="0.005" /><testcase classname="tests.test_model_variations" name="test_out_of_distribution_domain_flagged" time="0.003" /><testcase classname="tests.test_model_variations" name="test_codeswitching_hinglish_understood" time="0.003" /><testcase classname="tests.test_model_variations" name="test_synonyms_typos_noise_still_work[heart burn with chest burning on exertion]" time="0.004" /><testcase classname="tests.test_model_variations" name="test_synonyms_typos_noise_still_work[shorness of breath while climbing; chest pressure]" time="0.004" /><testcase classname="tests.test_model_variations" name="test_synonyms_typos_noise_still_work[CHEST discomfort\u2026 esp. on stairs!!! \U0001f616]" time="0.003" /><testcase classname="tests.test_model_variations" name="test_long_narrative_does_not_crash" time="0.006" /><testcase classname="tests.test_model_variations" name="test_units_and_numeric_variations" time="0.003" /><testcase classname="tests.test_model_variations" name="test_date_format_variations[01/02/2025]" time="0.003" /><testcase classname="tests.test_model_variations" name="test_date_format_variations[2025/02/01]" time="0.003" /><testcase classname="tests.test_model_variations" name="test_date_format_variations[Feb 1, 2025]" time="0.004" /><testcase classname="tests.test_model_variations" name="test_date_format_variations[3 days ago]" time="0.003" /><testcase classname="tests.test_model_variations" name="test_categorical_boolean_variants[female]" time="0.003" /><testcase classname="tests.test_model_variations" name="test_categorical_boolean_variants[F]" time="0.005" /><testcase classname="tests.test_model_variations" name="test_categorical_boolean_variants[f]" time="0.003" /><testcase classname="tests.test_model_variations" name="test_categorical_boolean_variants[prefer not to say]" time="0.003" /><testcase classname="tests.test_model_variations" name="test_categorical_boolean_variants[nonbinary]" time="0.004" /><testcase classname="tests.test_model_variations" name="test_categorical_boolean_variants[None]" time="0.006" /><testcase classname="tests.test_model_variations" name="test_low_signal_prompts_review" time="0.004" /><testcase classname="tests.test_model_variations" name="test_invalid_type_rejected_with_422" time="0.003" /><testcase classname="tests.test_model_variations" name="test_confidence_gradient_stronger_phrase_gives_higher_confidence" time="0.009" /></testsuite></testsuites>